ERROR: 2022/08/05 09:53:42 customLogTest.go:42: Something has failed
